// Jest Snapshot v1, https://goo.gl/fbAQLP

exports[`button test button is div 1`] = `
<div>
  Button
</div>
`;
